###############################################################################
#
# IAR ELF Linker V7.40.1.8447/W32 for ARM                 08/Apr/2016  11:58:15
# Copyright 2007-2015 IAR Systems AB.
#
#    Output file  =  
#        \\vmware-host\Shared
#        Folders\Desktop\stm32_tools\STM32Cube_FW_F4_V1.11.0\Projects\STM32F429I-Discovery\Examples\GPIO\imager_driver\EWARM\STM32F429I-Discovery\Exe\Project.out
#    Map file     =  
#        \\vmware-host\Shared
#        Folders\Desktop\stm32_tools\STM32Cube_FW_F4_V1.11.0\Projects\STM32F429I-Discovery\Examples\GPIO\imager_driver\EWARM\STM32F429I-Discovery\List\Project.map
#    Command line =  
#        "\\vmware-host\Shared
#        Folders\Desktop\stm32_tools\STM32Cube_FW_F4_V1.11.0\Projects\STM32F429I-Discovery\Examples\GPIO\imager_driver\EWARM\STM32F429I-Discovery\Obj\main.o"
#        "\\vmware-host\Shared
#        Folders\Desktop\stm32_tools\STM32Cube_FW_F4_V1.11.0\Projects\STM32F429I-Discovery\Examples\GPIO\imager_driver\EWARM\STM32F429I-Discovery\Obj\startup_stm32f429xx.o"
#        "\\vmware-host\Shared
#        Folders\Desktop\stm32_tools\STM32Cube_FW_F4_V1.11.0\Projects\STM32F429I-Discovery\Examples\GPIO\imager_driver\EWARM\STM32F429I-Discovery\Obj\stm32f429i_discovery.o"
#        "\\vmware-host\Shared
#        Folders\Desktop\stm32_tools\STM32Cube_FW_F4_V1.11.0\Projects\STM32F429I-Discovery\Examples\GPIO\imager_driver\EWARM\STM32F429I-Discovery\Obj\stm32f4xx_hal.o"
#        "\\vmware-host\Shared
#        Folders\Desktop\stm32_tools\STM32Cube_FW_F4_V1.11.0\Projects\STM32F429I-Discovery\Examples\GPIO\imager_driver\EWARM\STM32F429I-Discovery\Obj\stm32f4xx_hal_cortex.o"
#        "\\vmware-host\Shared
#        Folders\Desktop\stm32_tools\STM32Cube_FW_F4_V1.11.0\Projects\STM32F429I-Discovery\Examples\GPIO\imager_driver\EWARM\STM32F429I-Discovery\Obj\stm32f4xx_hal_dma.o"
#        "\\vmware-host\Shared
#        Folders\Desktop\stm32_tools\STM32Cube_FW_F4_V1.11.0\Projects\STM32F429I-Discovery\Examples\GPIO\imager_driver\EWARM\STM32F429I-Discovery\Obj\stm32f4xx_hal_flash.o"
#        "\\vmware-host\Shared
#        Folders\Desktop\stm32_tools\STM32Cube_FW_F4_V1.11.0\Projects\STM32F429I-Discovery\Examples\GPIO\imager_driver\EWARM\STM32F429I-Discovery\Obj\stm32f4xx_hal_flash_ex.o"
#        "\\vmware-host\Shared
#        Folders\Desktop\stm32_tools\STM32Cube_FW_F4_V1.11.0\Projects\STM32F429I-Discovery\Examples\GPIO\imager_driver\EWARM\STM32F429I-Discovery\Obj\stm32f4xx_hal_gpio.o"
#        "\\vmware-host\Shared
#        Folders\Desktop\stm32_tools\STM32Cube_FW_F4_V1.11.0\Projects\STM32F429I-Discovery\Examples\GPIO\imager_driver\EWARM\STM32F429I-Discovery\Obj\stm32f4xx_hal_i2c.o"
#        "\\vmware-host\Shared
#        Folders\Desktop\stm32_tools\STM32Cube_FW_F4_V1.11.0\Projects\STM32F429I-Discovery\Examples\GPIO\imager_driver\EWARM\STM32F429I-Discovery\Obj\stm32f4xx_hal_i2c_ex.o"
#        "\\vmware-host\Shared
#        Folders\Desktop\stm32_tools\STM32Cube_FW_F4_V1.11.0\Projects\STM32F429I-Discovery\Examples\GPIO\imager_driver\EWARM\STM32F429I-Discovery\Obj\stm32f4xx_hal_msp.o"
#        "\\vmware-host\Shared
#        Folders\Desktop\stm32_tools\STM32Cube_FW_F4_V1.11.0\Projects\STM32F429I-Discovery\Examples\GPIO\imager_driver\EWARM\STM32F429I-Discovery\Obj\stm32f4xx_hal_pwr.o"
#        "\\vmware-host\Shared
#        Folders\Desktop\stm32_tools\STM32Cube_FW_F4_V1.11.0\Projects\STM32F429I-Discovery\Examples\GPIO\imager_driver\EWARM\STM32F429I-Discovery\Obj\stm32f4xx_hal_pwr_ex.o"
#        "\\vmware-host\Shared
#        Folders\Desktop\stm32_tools\STM32Cube_FW_F4_V1.11.0\Projects\STM32F429I-Discovery\Examples\GPIO\imager_driver\EWARM\STM32F429I-Discovery\Obj\stm32f4xx_hal_rcc.o"
#        "\\vmware-host\Shared
#        Folders\Desktop\stm32_tools\STM32Cube_FW_F4_V1.11.0\Projects\STM32F429I-Discovery\Examples\GPIO\imager_driver\EWARM\STM32F429I-Discovery\Obj\stm32f4xx_hal_rcc_ex.o"
#        "\\vmware-host\Shared
#        Folders\Desktop\stm32_tools\STM32Cube_FW_F4_V1.11.0\Projects\STM32F429I-Discovery\Examples\GPIO\imager_driver\EWARM\STM32F429I-Discovery\Obj\stm32f4xx_hal_spi.o"
#        "\\vmware-host\Shared
#        Folders\Desktop\stm32_tools\STM32Cube_FW_F4_V1.11.0\Projects\STM32F429I-Discovery\Examples\GPIO\imager_driver\EWARM\STM32F429I-Discovery\Obj\stm32f4xx_hal_tim.o"
#        "\\vmware-host\Shared
#        Folders\Desktop\stm32_tools\STM32Cube_FW_F4_V1.11.0\Projects\STM32F429I-Discovery\Examples\GPIO\imager_driver\EWARM\STM32F429I-Discovery\Obj\stm32f4xx_it.o"
#        "\\vmware-host\Shared
#        Folders\Desktop\stm32_tools\STM32Cube_FW_F4_V1.11.0\Projects\STM32F429I-Discovery\Examples\GPIO\imager_driver\EWARM\STM32F429I-Discovery\Obj\system_stm32f4xx.o"
#        --redirect _Printf=_PrintfSmall --redirect _Scanf=_ScanfSmall -o
#        "\\vmware-host\Shared
#        Folders\Desktop\stm32_tools\STM32Cube_FW_F4_V1.11.0\Projects\STM32F429I-Discovery\Examples\GPIO\imager_driver\EWARM\STM32F429I-Discovery\Exe\Project.out"
#        --map "\\vmware-host\Shared
#        Folders\Desktop\stm32_tools\STM32Cube_FW_F4_V1.11.0\Projects\STM32F429I-Discovery\Examples\GPIO\imager_driver\EWARM\STM32F429I-Discovery\List\Project.map"
#        --config "\\vmware-host\Shared
#        Folders\Desktop\stm32_tools\STM32Cube_FW_F4_V1.11.0\Projects\STM32F429I-Discovery\Examples\GPIO\imager_driver\EWARM\stm32f429xx_flash.icf"
#        --semihosting --entry __iar_program_start --vfe
#
###############################################################################

*******************************************************************************
*** RUNTIME MODEL ATTRIBUTES
***

CppFlavor       = *
__SystemLibrary = DLib


*******************************************************************************
*** PLACEMENT SUMMARY
***

"A1":  place at 0x08000000 { ro section .intvec };
"P1":  place in [from 0x08000000 to 0x081fffff] { ro };
"P2":  place in [from 0x20000000 to 0x2002ffff] { rw, block CSTACK, block HEAP };

  Section            Kind        Address    Size  Object
  -------            ----        -------    ----  ------
"A1":                                      0x1ac
  .intvec            ro code  0x08000000   0x1ac  startup_stm32f429xx.o [1]
                            - 0x080001ac   0x1ac

"P1":                                     0x16bc
  .text              ro code  0x080001ac   0x6a2  main.o [1]
  .text              ro code  0x08000850    0x7c  stm32f4xx_hal.o [1]
  .text              ro code  0x080008cc   0x5e0  stm32f4xx_hal_rcc.o [1]
  .text              ro code  0x08000eac    0x90  stm32f4xx_hal_pwr_ex.o [1]
  .text              ro code  0x08000f3c   0x168  stm32f4xx_hal_tim.o [1]
  .text              ro code  0x080010a4    0x24  ABIassert.o [6]
  .text              ro code  0x080010c8   0x250  stm32f4xx_hal_gpio.o [1]
  .text              ro code  0x08001318    0x28  stm32f429i_discovery.o [1]
  .text              ro code  0x08001340   0x118  stm32f4xx_hal_cortex.o [1]
  .text              ro code  0x08001458    0x28  stm32f4xx_hal_msp.o [1]
  .text              ro code  0x08001480     0x6  abort.o [3]
  .text              ro code  0x08001488    0x14  exit.o [6]
  .rodata            const    0x0800149c    0x90  main.o [1]
  .text              ro code  0x0800152c    0x6c  system_stm32f4xx.o [1]
  .rodata            const    0x08001598    0x2c  main.o [1]
  .text              ro code  0x080015c4    0x2c  copy_init3.o [5]
  .rodata            const    0x080015f0    0x28  main.o [1]
  .text              ro code  0x08001618    0x28  data_init.o [5]
  .text              ro code  0x08001640    0x22  fpinit_M.o [4]
  .iar.init_table    const    0x08001664    0x14  - Linker created -
  .text              ro code  0x08001678    0x1a  cmain.o [5]
  .text              ro code  0x08001692     0x4  low_level_init.o [3]
  .text              ro code  0x08001696     0x4  exit.o [3]
  .text              ro code  0x0800169c     0xa  cexit.o [5]
  .text              ro code  0x080016a6    0x18  stm32f4xx_it.o [1]
  .rodata            const    0x080016c0    0x10  stm32f4xx_hal_rcc.o [1]
  .text              ro code  0x080016d0    0x10  startup_stm32f429xx.o [1]
  .text              ro code  0x080016e0     0xc  cstartup_M.o [5]
  .rodata            const    0x080016ec     0x4  stm32f429i_discovery.o [1]
  .text              ro code  0x080016f0     0x4  startup_stm32f429xx.o [1]
  .text              ro code  0x080016f4     0x4  startup_stm32f429xx.o [1]
  .text              ro code  0x080016f8     0x4  startup_stm32f429xx.o [1]
  .text              ro code  0x080016fc     0x4  startup_stm32f429xx.o [1]
  .text              ro code  0x08001700     0x4  startup_stm32f429xx.o [1]
  .text              ro code  0x08001704     0x4  startup_stm32f429xx.o [1]
  .text              ro code  0x08001708     0x4  startup_stm32f429xx.o [1]
  .text              ro code  0x0800170c     0x4  startup_stm32f429xx.o [1]
  .text              ro code  0x08001710     0x4  startup_stm32f429xx.o [1]
  .text              ro code  0x08001714     0x4  startup_stm32f429xx.o [1]
  .text              ro code  0x08001718     0x4  startup_stm32f429xx.o [1]
  .text              ro code  0x0800171c     0x4  startup_stm32f429xx.o [1]
  .text              ro code  0x08001720     0x4  startup_stm32f429xx.o [1]
  .text              ro code  0x08001724     0x4  startup_stm32f429xx.o [1]
  .text              ro code  0x08001728     0x4  startup_stm32f429xx.o [1]
  .text              ro code  0x0800172c     0x4  startup_stm32f429xx.o [1]
  .text              ro code  0x08001730     0x4  startup_stm32f429xx.o [1]
  .text              ro code  0x08001734     0x4  startup_stm32f429xx.o [1]
  .text              ro code  0x08001738     0x4  startup_stm32f429xx.o [1]
  .text              ro code  0x0800173c     0x4  startup_stm32f429xx.o [1]
  .text              ro code  0x08001740     0x4  startup_stm32f429xx.o [1]
  .text              ro code  0x08001744     0x4  startup_stm32f429xx.o [1]
  .text              ro code  0x08001748     0x4  startup_stm32f429xx.o [1]
  .text              ro code  0x0800174c     0x4  startup_stm32f429xx.o [1]
  .text              ro code  0x08001750     0x4  startup_stm32f429xx.o [1]
  .text              ro code  0x08001754     0x4  startup_stm32f429xx.o [1]
  .text              ro code  0x08001758     0x4  startup_stm32f429xx.o [1]
  .text              ro code  0x0800175c     0x4  startup_stm32f429xx.o [1]
  .text              ro code  0x08001760     0x4  startup_stm32f429xx.o [1]
  .text              ro code  0x08001764     0x4  startup_stm32f429xx.o [1]
  .text              ro code  0x08001768     0x4  startup_stm32f429xx.o [1]
  .text              ro code  0x0800176c     0x4  startup_stm32f429xx.o [1]
  .text              ro code  0x08001770     0x4  startup_stm32f429xx.o [1]
  .text              ro code  0x08001774     0x4  startup_stm32f429xx.o [1]
  .text              ro code  0x08001778     0x4  startup_stm32f429xx.o [1]
  .text              ro code  0x0800177c     0x4  startup_stm32f429xx.o [1]
  .text              ro code  0x08001780     0x4  startup_stm32f429xx.o [1]
  .text              ro code  0x08001784     0x4  startup_stm32f429xx.o [1]
  .text              ro code  0x08001788     0x4  startup_stm32f429xx.o [1]
  .text              ro code  0x0800178c     0x4  startup_stm32f429xx.o [1]
  .text              ro code  0x08001790     0x4  startup_stm32f429xx.o [1]
  .text              ro code  0x08001794     0x4  startup_stm32f429xx.o [1]
  .text              ro code  0x08001798     0x4  startup_stm32f429xx.o [1]
  .text              ro code  0x0800179c     0x4  startup_stm32f429xx.o [1]
  .text              ro code  0x080017a0     0x4  startup_stm32f429xx.o [1]
  .text              ro code  0x080017a4     0x4  startup_stm32f429xx.o [1]
  .text              ro code  0x080017a8     0x4  startup_stm32f429xx.o [1]
  .text              ro code  0x080017ac     0x4  startup_stm32f429xx.o [1]
  .text              ro code  0x080017b0     0x4  startup_stm32f429xx.o [1]
  .text              ro code  0x080017b4     0x4  startup_stm32f429xx.o [1]
  .text              ro code  0x080017b8     0x4  startup_stm32f429xx.o [1]
  .text              ro code  0x080017bc     0x4  startup_stm32f429xx.o [1]
  .text              ro code  0x080017c0     0x4  startup_stm32f429xx.o [1]
  .text              ro code  0x080017c4     0x4  startup_stm32f429xx.o [1]
  .text              ro code  0x080017c8     0x4  startup_stm32f429xx.o [1]
  .text              ro code  0x080017cc     0x4  startup_stm32f429xx.o [1]
  .text              ro code  0x080017d0     0x4  startup_stm32f429xx.o [1]
  .text              ro code  0x080017d4     0x4  startup_stm32f429xx.o [1]
  .text              ro code  0x080017d8     0x4  startup_stm32f429xx.o [1]
  .text              ro code  0x080017dc     0x4  startup_stm32f429xx.o [1]
  .text              ro code  0x080017e0     0x4  startup_stm32f429xx.o [1]
  .text              ro code  0x080017e4     0x4  startup_stm32f429xx.o [1]
  .text              ro code  0x080017e8     0x4  startup_stm32f429xx.o [1]
  .text              ro code  0x080017ec     0x4  startup_stm32f429xx.o [1]
  .text              ro code  0x080017f0     0x4  startup_stm32f429xx.o [1]
  .text              ro code  0x080017f4     0x4  startup_stm32f429xx.o [1]
  .text              ro code  0x080017f8     0x4  startup_stm32f429xx.o [1]
  .text              ro code  0x080017fc     0x4  startup_stm32f429xx.o [1]
  .text              ro code  0x08001800     0x4  startup_stm32f429xx.o [1]
  .text              ro code  0x08001804     0x4  startup_stm32f429xx.o [1]
  .text              ro code  0x08001808     0x4  startup_stm32f429xx.o [1]
  .text              ro code  0x0800180c     0x4  startup_stm32f429xx.o [1]
  .text              ro code  0x08001810     0x4  startup_stm32f429xx.o [1]
  .text              ro code  0x08001814     0x4  startup_stm32f429xx.o [1]
  .text              ro code  0x08001818     0x4  startup_stm32f429xx.o [1]
  .text              ro code  0x0800181c     0x4  startup_stm32f429xx.o [1]
  .text              ro code  0x08001820     0x4  startup_stm32f429xx.o [1]
  .text              ro code  0x08001824     0x4  startup_stm32f429xx.o [1]
  .text              ro code  0x08001828     0x4  startup_stm32f429xx.o [1]
  .text              ro code  0x0800182c     0x4  startup_stm32f429xx.o [1]
  .text              ro code  0x08001830     0x4  startup_stm32f429xx.o [1]
  .text              ro code  0x08001834     0x4  startup_stm32f429xx.o [1]
  .text              ro code  0x08001838     0x4  startup_stm32f429xx.o [1]
  .text              ro code  0x0800183c     0x4  startup_stm32f429xx.o [1]
  .text              ro code  0x08001840     0x4  startup_stm32f429xx.o [1]
  .text              ro code  0x08001844     0x4  startup_stm32f429xx.o [1]
  .text              ro code  0x08001848     0x4  startup_stm32f429xx.o [1]
  .text              ro code  0x0800184c     0x4  startup_stm32f429xx.o [1]
  .text              ro code  0x08001850     0x4  startup_stm32f429xx.o [1]
  .text              ro code  0x08001854     0x4  startup_stm32f429xx.o [1]
  .rodata            const    0x08001858     0x0  copy_init3.o [5]
  Initializer bytes  const    0x08001858    0x10  <for P2 s0>
                            - 0x08001868  0x16bc

"P2":                                      0x410
  P2 s0                       0x20000000    0x10  <Init block>
    .data            inited   0x20000000     0x8  stm32f429i_discovery.o [1]
    .data            inited   0x20000008     0x4  system_stm32f4xx.o [1]
    .bss             inited   0x2000000c     0x4  stm32f4xx_hal.o [1]
  CSTACK                      0x20000010   0x400  <Block>
    CSTACK           uninit   0x20000010   0x400  <Block tail>
                            - 0x20000410   0x410


*******************************************************************************
*** INIT TABLE
***

          Address     Size
          -------     ----
Copy (__iar_copy_init3)
    1 source range, total size 0x10:
          0x08001858  0x10
    1 destination range, total size 0x10:
          0x20000000  0x10



*******************************************************************************
*** MODULE SUMMARY
***

    Module                  ro code  ro data  rw data
    ------                  -------  -------  -------
\\vmware-host\Shared Folders\Desktop\stm32_tools\STM32Cube_FW_F4_V1.11.0\Projects\STM32F429I-Discovery\Examples\GPIO\imager_driver\EWARM\STM32F429I-Discovery\Obj: [1]
    main.o                    1 698      228
    startup_stm32f429xx.o       804
    stm32f429i_discovery.o       40       12        8
    stm32f4xx_hal.o             124        4        4
    stm32f4xx_hal_cortex.o      280
    stm32f4xx_hal_gpio.o        592
    stm32f4xx_hal_msp.o          40
    stm32f4xx_hal_pwr_ex.o      144
    stm32f4xx_hal_rcc.o       1 504       16
    stm32f4xx_hal_tim.o         360
    stm32f4xx_it.o               24
    system_stm32f4xx.o          108        4        4
    -------------------------------------------------
    Total:                    5 718      264       16

command line: [2]
    -------------------------------------------------
    Total:

dl7M_tlf.a: [3]
    abort.o                       6
    exit.o                        4
    low_level_init.o              4
    -------------------------------------------------
    Total:                       14

m7M_tls.a: [4]
    fpinit_M.o                   34
    -------------------------------------------------
    Total:                       34

rt7M_tl.a: [5]
    cexit.o                      10
    cmain.o                      26
    copy_init3.o                 44
    cstartup_M.o                 12
    data_init.o                  40
    -------------------------------------------------
    Total:                      132

shb_l.a: [6]
    ABIassert.o                  36
    exit.o                       20
    -------------------------------------------------
    Total:                       56

    Gaps                          6        4
    Linker created                        20    1 024
-----------------------------------------------------
    Grand Total:              5 960      288    1 040


*******************************************************************************
*** ENTRY LIST
***

Entry                      Address   Size  Type      Object
-----                      -------   ----  ----      ------
.iar.init_table$$Base   0x08001664          --   Gb  - Linker created -
.iar.init_table$$Limit  0x08001678          --   Gb  - Linker created -
?main                   0x08001679         Code  Gb  cmain.o [5]
APBAHBPrescTable        0x080016c0   0x10  Data  Gb  stm32f4xx_hal_rcc.o [1]
BSP_LED_On              0x08001319   0x20  Code  Gb  stm32f429i_discovery.o [1]
BusFault_Handler        0x080016ad    0x2  Code  Gb  stm32f4xx_it.o [1]
CSTACK$$Base            0x20000010          --   Gb  - Linker created -
CSTACK$$Limit           0x20000410          --   Gb  - Linker created -
DebugMon_Handler        0x080016b3    0x2  Code  Gb  stm32f4xx_it.o [1]
Error_Handler           0x08000845    0xa  Code  Lc  main.o [1]
GPIO_PIN                0x080016ec    0x4  Data  Gb  stm32f429i_discovery.o [1]
GPIO_PORT               0x20000000    0x8  Data  Gb  stm32f429i_discovery.o [1]
HAL_GPIO_Init           0x080010c9  0x1fa  Code  Gb  stm32f4xx_hal_gpio.o [1]
HAL_GPIO_WritePin       0x080012c3   0x14  Code  Gb  stm32f4xx_hal_gpio.o [1]
HAL_GetTick             0x080008bd    0x6  Code  Wk  stm32f4xx_hal.o [1]
HAL_IncTick             0x080008b1    0xc  Code  Wk  stm32f4xx_hal.o [1]
HAL_Init                0x08000851   0x3a  Code  Gb  stm32f4xx_hal.o [1]
HAL_InitTick            0x0800088d   0x24  Code  Wk  stm32f4xx_hal.o [1]
HAL_MspInit             0x0800088b    0x2  Code  Wk  stm32f4xx_hal.o [1]
HAL_NVIC_SetPriority    0x08001409   0x26  Code  Gb  stm32f4xx_hal_cortex.o [1]
HAL_NVIC_SetPriorityGrouping
                        0x080013fd    0xc  Code  Gb  stm32f4xx_hal_cortex.o [1]
HAL_PWREx_EnableOverDrive
                        0x08000ead   0x82  Code  Gb  stm32f4xx_hal_pwr_ex.o [1]
HAL_RCC_ClockConfig     0x08000c05  0x18e  Code  Gb  stm32f4xx_hal_rcc.o [1]
HAL_RCC_GetHCLKFreq     0x08000e3d   0x2c  Code  Gb  stm32f4xx_hal_rcc.o [1]
HAL_RCC_GetSysClockFreq
                        0x08000d93   0xaa  Code  Wk  stm32f4xx_hal_rcc.o [1]
HAL_RCC_OscConfig       0x080008cd  0x338  Code  Wk  stm32f4xx_hal_rcc.o [1]
HAL_SYSTICK_Config      0x0800142f    0xc  Code  Gb  stm32f4xx_hal_cortex.o [1]
HAL_TIM_Base_Init       0x08000f3d   0x38  Code  Gb  stm32f4xx_hal_tim.o [1]
HAL_TIM_Base_MspInit    0x08001459   0x28  Code  Gb  stm32f4xx_hal_msp.o [1]
HAL_TIM_Base_Start      0x08000f75   0x1e  Code  Gb  stm32f4xx_hal_tim.o [1]
HardFault_Handler       0x080016a9    0x2  Code  Gb  stm32f4xx_it.o [1]
MemManage_Handler       0x080016ab    0x2  Code  Gb  stm32f4xx_it.o [1]
NMI_Handler             0x080016a7    0x2  Code  Gb  stm32f4xx_it.o [1]
NVIC_EncodePriority     0x0800138f   0x3e  Code  Lc  stm32f4xx_hal_cortex.o [1]
NVIC_GetPriorityGrouping
                        0x0800135f    0xa  Code  Lc  stm32f4xx_hal_cortex.o [1]
NVIC_SetPriority        0x08001369   0x26  Code  Lc  stm32f4xx_hal_cortex.o [1]
NVIC_SetPriorityGrouping
                        0x08001341   0x1e  Code  Lc  stm32f4xx_hal_cortex.o [1]
PendSV_Handler          0x080016b5    0x2  Code  Gb  stm32f4xx_it.o [1]
Region$$Table$$Base     0x08001664          --   Gb  - Linker created -
Region$$Table$$Limit    0x08001678          --   Gb  - Linker created -
SVC_Handler             0x080016b1    0x2  Code  Gb  stm32f4xx_it.o [1]
SysTick_Config          0x080013cd   0x30  Code  Lc  stm32f4xx_hal_cortex.o [1]
SysTick_Handler         0x080016b7    0x8  Code  Gb  stm32f4xx_it.o [1]
SystemClock_Config      0x080001c9   0xaa  Code  Lc  main.o [1]
SystemCoreClock         0x20000008    0x4  Data  Gb  system_stm32f4xx.o [1]
SystemInit              0x0800152d   0x4c  Code  Gb  system_stm32f4xx.o [1]
TIM_Base_SetConfig      0x08000f93   0xe6  Code  Gb  stm32f4xx_hal_tim.o [1]
UsageFault_Handler      0x080016af    0x2  Code  Gb  stm32f4xx_it.o [1]
__aeabi_assert          0x080010a5   0x24  Code  Gb  ABIassert.o [6]
__cmain                 0x08001679         Code  Gb  cmain.o [5]
__exit                  0x08001489   0x14  Code  Gb  exit.o [6]
__iar_copy_init3        0x080015c5   0x2c  Code  Gb  copy_init3.o [5]
__iar_data_init3        0x08001619   0x28  Code  Gb  data_init.o [5]
__iar_init_vfp          0x08001641         Code  Gb  fpinit_M.o [4]
__iar_program_start     0x080016e1         Code  Gb  cstartup_M.o [5]
__low_level_init        0x08001693    0x4  Code  Gb  low_level_init.o [3]
__vector_table          0x08000000         Data  Gb  startup_stm32f429xx.o [1]
_call_main              0x08001685         Code  Gb  cmain.o [5]
_exit                   0x0800169d         Code  Gb  cexit.o [5]
_main                   0x0800168f         Code  Gb  cmain.o [5]
abort                   0x08001481    0x6  Code  Gb  abort.o [3]
config_pins             0x080002e1   0x9e  Code  Lc  main.o [1]
config_us_delay         0x08000273   0x6e  Code  Lc  main.o [1]
exit                    0x08001697    0x4  Code  Gb  exit.o [3]
load_col                0x08000675  0x18e  Code  Lc  main.o [1]
load_row                0x080004e1  0x192  Code  Lc  main.o [1]
main                    0x080001ad   0x1c  Code  Gb  main.o [1]
read_pixel              0x08000381  0x128  Code  Lc  main.o [1]
set_col_parity          0x080004a9   0x36  Code  Lc  main.o [1]
uwTick                  0x2000000c    0x4  Data  Gb  stm32f4xx_hal.o [1]


[1] = \\vmware-host\Shared Folders\Desktop\stm32_tools\STM32Cube_FW_F4_V1.11.0\Projects\STM32F429I-Discovery\Examples\GPIO\imager_driver\EWARM\STM32F429I-Discovery\Obj
[2] = command line
[3] = dl7M_tlf.a
[4] = m7M_tls.a
[5] = rt7M_tl.a
[6] = shb_l.a

  5 960 bytes of readonly  code memory
    288 bytes of readonly  data memory
  1 040 bytes of readwrite data memory

Errors: none
Warnings: none
