###############################################################################
#
# IAR ELF Linker V7.40.1.8447/W32 for ARM                 02/Mar/2016  13:32:03
# Copyright 2007-2015 IAR Systems AB.
#
#    Output file  =  
#        \\vmware-host\Shared
#        Folders\Desktop\stm32_tools\STM32Cube_FW_F4_V1.11.0\Projects\STM32F429I-Discovery\Examples\GPIO\GPIO_EXTI\EWARM\STM32F429I-Discovery\Exe\Project.out
#    Map file     =  
#        \\vmware-host\Shared
#        Folders\Desktop\stm32_tools\STM32Cube_FW_F4_V1.11.0\Projects\STM32F429I-Discovery\Examples\GPIO\GPIO_EXTI\EWARM\STM32F429I-Discovery\List\Project.map
#    Command line =  
#        "\\vmware-host\Shared
#        Folders\Desktop\stm32_tools\STM32Cube_FW_F4_V1.11.0\Projects\STM32F429I-Discovery\Examples\GPIO\GPIO_EXTI\EWARM\STM32F429I-Discovery\Obj\main.o"
#        "\\vmware-host\Shared
#        Folders\Desktop\stm32_tools\STM32Cube_FW_F4_V1.11.0\Projects\STM32F429I-Discovery\Examples\GPIO\GPIO_EXTI\EWARM\STM32F429I-Discovery\Obj\startup_stm32f429xx.o"
#        "\\vmware-host\Shared
#        Folders\Desktop\stm32_tools\STM32Cube_FW_F4_V1.11.0\Projects\STM32F429I-Discovery\Examples\GPIO\GPIO_EXTI\EWARM\STM32F429I-Discovery\Obj\stm32f429i_discovery.o"
#        "\\vmware-host\Shared
#        Folders\Desktop\stm32_tools\STM32Cube_FW_F4_V1.11.0\Projects\STM32F429I-Discovery\Examples\GPIO\GPIO_EXTI\EWARM\STM32F429I-Discovery\Obj\stm32f4xx_hal.o"
#        "\\vmware-host\Shared
#        Folders\Desktop\stm32_tools\STM32Cube_FW_F4_V1.11.0\Projects\STM32F429I-Discovery\Examples\GPIO\GPIO_EXTI\EWARM\STM32F429I-Discovery\Obj\stm32f4xx_hal_cortex.o"
#        "\\vmware-host\Shared
#        Folders\Desktop\stm32_tools\STM32Cube_FW_F4_V1.11.0\Projects\STM32F429I-Discovery\Examples\GPIO\GPIO_EXTI\EWARM\STM32F429I-Discovery\Obj\stm32f4xx_hal_dma.o"
#        "\\vmware-host\Shared
#        Folders\Desktop\stm32_tools\STM32Cube_FW_F4_V1.11.0\Projects\STM32F429I-Discovery\Examples\GPIO\GPIO_EXTI\EWARM\STM32F429I-Discovery\Obj\stm32f4xx_hal_flash.o"
#        "\\vmware-host\Shared
#        Folders\Desktop\stm32_tools\STM32Cube_FW_F4_V1.11.0\Projects\STM32F429I-Discovery\Examples\GPIO\GPIO_EXTI\EWARM\STM32F429I-Discovery\Obj\stm32f4xx_hal_flash_ex.o"
#        "\\vmware-host\Shared
#        Folders\Desktop\stm32_tools\STM32Cube_FW_F4_V1.11.0\Projects\STM32F429I-Discovery\Examples\GPIO\GPIO_EXTI\EWARM\STM32F429I-Discovery\Obj\stm32f4xx_hal_gpio.o"
#        "\\vmware-host\Shared
#        Folders\Desktop\stm32_tools\STM32Cube_FW_F4_V1.11.0\Projects\STM32F429I-Discovery\Examples\GPIO\GPIO_EXTI\EWARM\STM32F429I-Discovery\Obj\stm32f4xx_hal_i2c.o"
#        "\\vmware-host\Shared
#        Folders\Desktop\stm32_tools\STM32Cube_FW_F4_V1.11.0\Projects\STM32F429I-Discovery\Examples\GPIO\GPIO_EXTI\EWARM\STM32F429I-Discovery\Obj\stm32f4xx_hal_i2c_ex.o"
#        "\\vmware-host\Shared
#        Folders\Desktop\stm32_tools\STM32Cube_FW_F4_V1.11.0\Projects\STM32F429I-Discovery\Examples\GPIO\GPIO_EXTI\EWARM\STM32F429I-Discovery\Obj\stm32f4xx_hal_pwr.o"
#        "\\vmware-host\Shared
#        Folders\Desktop\stm32_tools\STM32Cube_FW_F4_V1.11.0\Projects\STM32F429I-Discovery\Examples\GPIO\GPIO_EXTI\EWARM\STM32F429I-Discovery\Obj\stm32f4xx_hal_pwr_ex.o"
#        "\\vmware-host\Shared
#        Folders\Desktop\stm32_tools\STM32Cube_FW_F4_V1.11.0\Projects\STM32F429I-Discovery\Examples\GPIO\GPIO_EXTI\EWARM\STM32F429I-Discovery\Obj\stm32f4xx_hal_rcc.o"
#        "\\vmware-host\Shared
#        Folders\Desktop\stm32_tools\STM32Cube_FW_F4_V1.11.0\Projects\STM32F429I-Discovery\Examples\GPIO\GPIO_EXTI\EWARM\STM32F429I-Discovery\Obj\stm32f4xx_hal_rcc_ex.o"
#        "\\vmware-host\Shared
#        Folders\Desktop\stm32_tools\STM32Cube_FW_F4_V1.11.0\Projects\STM32F429I-Discovery\Examples\GPIO\GPIO_EXTI\EWARM\STM32F429I-Discovery\Obj\stm32f4xx_hal_spi.o"
#        "\\vmware-host\Shared
#        Folders\Desktop\stm32_tools\STM32Cube_FW_F4_V1.11.0\Projects\STM32F429I-Discovery\Examples\GPIO\GPIO_EXTI\EWARM\STM32F429I-Discovery\Obj\stm32f4xx_it.o"
#        "\\vmware-host\Shared
#        Folders\Desktop\stm32_tools\STM32Cube_FW_F4_V1.11.0\Projects\STM32F429I-Discovery\Examples\GPIO\GPIO_EXTI\EWARM\STM32F429I-Discovery\Obj\system_stm32f4xx.o"
#        --redirect _Printf=_PrintfSmall --redirect _Scanf=_ScanfSmall -o
#        "\\vmware-host\Shared
#        Folders\Desktop\stm32_tools\STM32Cube_FW_F4_V1.11.0\Projects\STM32F429I-Discovery\Examples\GPIO\GPIO_EXTI\EWARM\STM32F429I-Discovery\Exe\Project.out"
#        --map "\\vmware-host\Shared
#        Folders\Desktop\stm32_tools\STM32Cube_FW_F4_V1.11.0\Projects\STM32F429I-Discovery\Examples\GPIO\GPIO_EXTI\EWARM\STM32F429I-Discovery\List\Project.map"
#        --config "\\vmware-host\Shared
#        Folders\Desktop\stm32_tools\STM32Cube_FW_F4_V1.11.0\Projects\STM32F429I-Discovery\Examples\GPIO\GPIO_EXTI\EWARM\stm32f429xx_flash.icf"
#        --semihosting --entry __iar_program_start --vfe
#
###############################################################################

*******************************************************************************
*** RUNTIME MODEL ATTRIBUTES
***

CppFlavor       = *
__SystemLibrary = DLib


*******************************************************************************
*** PLACEMENT SUMMARY
***

"A1":  place at 0x08000000 { ro section .intvec };
"P1":  place in [from 0x08000000 to 0x081fffff] { ro };
"P2":  place in [from 0x20000000 to 0x2002ffff] { rw, block CSTACK, block HEAP };

  Section            Kind        Address   Size  Object
  -------            ----        -------   ----  ------
"A1":                                     0x1ac
  .intvec            ro code  0x08000000  0x1ac  startup_stm32f429xx.o [1]
                            - 0x080001ac  0x1ac

"P1":                                     0xc58
  .text              ro code  0x080001ac  0x408  stm32f4xx_hal_rcc.o [1]
  .text              ro code  0x080005b4   0x70  stm32f4xx_hal.o [1]
  .text              ro code  0x08000624   0xd8  stm32f4xx_hal_cortex.o [1]
  .text              ro code  0x080006fc  0x22c  stm32f4xx_hal_gpio.o [1]
  .text              ro code  0x08000928   0xfc  main.o [1]
  .text              ro code  0x08000a24   0x90  stm32f429i_discovery.o [1]
  .text              ro code  0x08000ab4   0x74  stm32f4xx_hal_pwr_ex.o [1]
  .text              ro code  0x08000b28   0x50  system_stm32f4xx.o [1]
  .text              ro code  0x08000b78   0x2c  copy_init3.o [5]
  .text              ro code  0x08000ba4   0x28  data_init.o [5]
  .text              ro code  0x08000bcc   0x22  fpinit_M.o [4]
  .iar.init_table    const    0x08000bf0   0x14  - Linker created -
  .text              ro code  0x08000c04   0x1a  stm32f4xx_it.o [1]
  .text              ro code  0x08000c20   0x1a  cmain.o [5]
  .text              ro code  0x08000c3a    0x4  low_level_init.o [3]
  .text              ro code  0x08000c3e    0x4  exit.o [3]
  .text              ro code  0x08000c44    0xa  cexit.o [5]
  .text              ro code  0x08000c50   0x14  exit.o [6]
  .text              ro code  0x08000c64   0x10  startup_stm32f429xx.o [1]
  .text              ro code  0x08000c74    0xc  cstartup_M.o [5]
  .text              ro code  0x08000c80    0x4  startup_stm32f429xx.o [1]
  .text              ro code  0x08000c84    0x4  startup_stm32f429xx.o [1]
  .text              ro code  0x08000c88    0x4  startup_stm32f429xx.o [1]
  .text              ro code  0x08000c8c    0x4  startup_stm32f429xx.o [1]
  .text              ro code  0x08000c90    0x4  startup_stm32f429xx.o [1]
  .text              ro code  0x08000c94    0x4  startup_stm32f429xx.o [1]
  .text              ro code  0x08000c98    0x4  startup_stm32f429xx.o [1]
  .text              ro code  0x08000c9c    0x4  startup_stm32f429xx.o [1]
  .text              ro code  0x08000ca0    0x4  startup_stm32f429xx.o [1]
  .text              ro code  0x08000ca4    0x4  startup_stm32f429xx.o [1]
  .text              ro code  0x08000ca8    0x4  startup_stm32f429xx.o [1]
  .text              ro code  0x08000cac    0x4  startup_stm32f429xx.o [1]
  .text              ro code  0x08000cb0    0x4  startup_stm32f429xx.o [1]
  .text              ro code  0x08000cb4    0x4  startup_stm32f429xx.o [1]
  .text              ro code  0x08000cb8    0x4  startup_stm32f429xx.o [1]
  .text              ro code  0x08000cbc    0x4  startup_stm32f429xx.o [1]
  .text              ro code  0x08000cc0    0x4  startup_stm32f429xx.o [1]
  .text              ro code  0x08000cc4    0x4  startup_stm32f429xx.o [1]
  .text              ro code  0x08000cc8    0x4  startup_stm32f429xx.o [1]
  .text              ro code  0x08000ccc    0x4  startup_stm32f429xx.o [1]
  .text              ro code  0x08000cd0    0x4  startup_stm32f429xx.o [1]
  .text              ro code  0x08000cd4    0x4  startup_stm32f429xx.o [1]
  .text              ro code  0x08000cd8    0x4  startup_stm32f429xx.o [1]
  .text              ro code  0x08000cdc    0x4  startup_stm32f429xx.o [1]
  .text              ro code  0x08000ce0    0x4  startup_stm32f429xx.o [1]
  .text              ro code  0x08000ce4    0x4  startup_stm32f429xx.o [1]
  .text              ro code  0x08000ce8    0x4  startup_stm32f429xx.o [1]
  .text              ro code  0x08000cec    0x4  startup_stm32f429xx.o [1]
  .text              ro code  0x08000cf0    0x4  startup_stm32f429xx.o [1]
  .text              ro code  0x08000cf4    0x4  startup_stm32f429xx.o [1]
  .text              ro code  0x08000cf8    0x4  startup_stm32f429xx.o [1]
  .text              ro code  0x08000cfc    0x4  startup_stm32f429xx.o [1]
  .text              ro code  0x08000d00    0x4  startup_stm32f429xx.o [1]
  .text              ro code  0x08000d04    0x4  startup_stm32f429xx.o [1]
  .text              ro code  0x08000d08    0x4  startup_stm32f429xx.o [1]
  .text              ro code  0x08000d0c    0x4  startup_stm32f429xx.o [1]
  .text              ro code  0x08000d10    0x4  startup_stm32f429xx.o [1]
  .text              ro code  0x08000d14    0x4  startup_stm32f429xx.o [1]
  .text              ro code  0x08000d18    0x4  startup_stm32f429xx.o [1]
  .text              ro code  0x08000d1c    0x4  startup_stm32f429xx.o [1]
  .text              ro code  0x08000d20    0x4  startup_stm32f429xx.o [1]
  .text              ro code  0x08000d24    0x4  startup_stm32f429xx.o [1]
  .text              ro code  0x08000d28    0x4  startup_stm32f429xx.o [1]
  .text              ro code  0x08000d2c    0x4  startup_stm32f429xx.o [1]
  .text              ro code  0x08000d30    0x4  startup_stm32f429xx.o [1]
  .text              ro code  0x08000d34    0x4  startup_stm32f429xx.o [1]
  .text              ro code  0x08000d38    0x4  startup_stm32f429xx.o [1]
  .text              ro code  0x08000d3c    0x4  startup_stm32f429xx.o [1]
  .text              ro code  0x08000d40    0x4  startup_stm32f429xx.o [1]
  .text              ro code  0x08000d44    0x4  startup_stm32f429xx.o [1]
  .text              ro code  0x08000d48    0x4  startup_stm32f429xx.o [1]
  .text              ro code  0x08000d4c    0x4  startup_stm32f429xx.o [1]
  .text              ro code  0x08000d50    0x4  startup_stm32f429xx.o [1]
  .text              ro code  0x08000d54    0x4  startup_stm32f429xx.o [1]
  .text              ro code  0x08000d58    0x4  startup_stm32f429xx.o [1]
  .text              ro code  0x08000d5c    0x4  startup_stm32f429xx.o [1]
  .text              ro code  0x08000d60    0x4  startup_stm32f429xx.o [1]
  .text              ro code  0x08000d64    0x4  startup_stm32f429xx.o [1]
  .text              ro code  0x08000d68    0x4  startup_stm32f429xx.o [1]
  .text              ro code  0x08000d6c    0x4  startup_stm32f429xx.o [1]
  .text              ro code  0x08000d70    0x4  startup_stm32f429xx.o [1]
  .text              ro code  0x08000d74    0x4  startup_stm32f429xx.o [1]
  .text              ro code  0x08000d78    0x4  startup_stm32f429xx.o [1]
  .text              ro code  0x08000d7c    0x4  startup_stm32f429xx.o [1]
  .text              ro code  0x08000d80    0x4  startup_stm32f429xx.o [1]
  .text              ro code  0x08000d84    0x4  startup_stm32f429xx.o [1]
  .text              ro code  0x08000d88    0x4  startup_stm32f429xx.o [1]
  .text              ro code  0x08000d8c    0x4  startup_stm32f429xx.o [1]
  .text              ro code  0x08000d90    0x4  startup_stm32f429xx.o [1]
  .text              ro code  0x08000d94    0x4  startup_stm32f429xx.o [1]
  .text              ro code  0x08000d98    0x4  startup_stm32f429xx.o [1]
  .text              ro code  0x08000d9c    0x4  startup_stm32f429xx.o [1]
  .text              ro code  0x08000da0    0x4  startup_stm32f429xx.o [1]
  .text              ro code  0x08000da4    0x4  startup_stm32f429xx.o [1]
  .text              ro code  0x08000da8    0x4  startup_stm32f429xx.o [1]
  .text              ro code  0x08000dac    0x4  startup_stm32f429xx.o [1]
  .text              ro code  0x08000db0    0x4  startup_stm32f429xx.o [1]
  .text              ro code  0x08000db4    0x4  startup_stm32f429xx.o [1]
  .text              ro code  0x08000db8    0x4  startup_stm32f429xx.o [1]
  .text              ro code  0x08000dbc    0x4  startup_stm32f429xx.o [1]
  .text              ro code  0x08000dc0    0x4  startup_stm32f429xx.o [1]
  .text              ro code  0x08000dc4    0x4  startup_stm32f429xx.o [1]
  .text              ro code  0x08000dc8    0x4  startup_stm32f429xx.o [1]
  .text              ro code  0x08000dcc    0x4  startup_stm32f429xx.o [1]
  .text              ro code  0x08000dd0    0x4  startup_stm32f429xx.o [1]
  .text              ro code  0x08000dd4    0x4  startup_stm32f429xx.o [1]
  .text              ro code  0x08000dd8    0x4  startup_stm32f429xx.o [1]
  .text              ro code  0x08000ddc    0x4  startup_stm32f429xx.o [1]
  .text              ro code  0x08000de0    0x4  startup_stm32f429xx.o [1]
  .rodata            const    0x08000de4    0x0  copy_init3.o [5]
  Initializer bytes  const    0x08000de4   0x20  <for P2 s0>
                            - 0x08000e04  0xc58

"P2":                                     0x420
  P2 s0                       0x20000000   0x20  <Init block>
    .data            inited   0x20000000   0x14  system_stm32f4xx.o [1]
    .data            inited   0x20000014    0x8  stm32f429i_discovery.o [1]
    .bss             inited   0x2000001c    0x4  stm32f4xx_hal.o [1]
  CSTACK                      0x20000020  0x400  <Block>
    CSTACK           uninit   0x20000020  0x400  <Block tail>
                            - 0x20000420  0x420


*******************************************************************************
*** INIT TABLE
***

          Address     Size
          -------     ----
Copy (__iar_copy_init3)
    1 source range, total size 0x20:
          0x08000de4  0x20
    1 destination range, total size 0x20:
          0x20000000  0x20



*******************************************************************************
*** MODULE SUMMARY
***

    Module                  ro code  ro data  rw data
    ------                  -------  -------  -------
\\vmware-host\Shared Folders\Desktop\stm32_tools\STM32Cube_FW_F4_V1.11.0\Projects\STM32F429I-Discovery\Examples\GPIO\GPIO_EXTI\EWARM\STM32F429I-Discovery\Obj: [1]
    main.o                      252
    startup_stm32f429xx.o       800
    stm32f429i_discovery.o      144        8        8
    stm32f4xx_hal.o             112        4        4
    stm32f4xx_hal_cortex.o      216
    stm32f4xx_hal_gpio.o        556
    stm32f4xx_hal_pwr_ex.o      116
    stm32f4xx_hal_rcc.o       1 032
    stm32f4xx_it.o               26
    system_stm32f4xx.o           80       20       20
    -------------------------------------------------
    Total:                    3 334       32       32

command line: [2]
    -------------------------------------------------
    Total:

dl7M_tlf.a: [3]
    exit.o                        4
    low_level_init.o              4
    -------------------------------------------------
    Total:                        8

m7M_tls.a: [4]
    fpinit_M.o                   34
    -------------------------------------------------
    Total:                       34

rt7M_tl.a: [5]
    cexit.o                      10
    cmain.o                      26
    copy_init3.o                 44
    cstartup_M.o                 12
    data_init.o                  40
    -------------------------------------------------
    Total:                      132

shb_l.a: [6]
    exit.o                       20
    -------------------------------------------------
    Total:                       20

    Gaps                          6        2
    Linker created                        20    1 024
-----------------------------------------------------
    Grand Total:              3 534       54    1 056


*******************************************************************************
*** ENTRY LIST
***

Entry                      Address   Size  Type      Object
-----                      -------   ----  ----      ------
.iar.init_table$$Base   0x08000bf0          --   Gb  - Linker created -
.iar.init_table$$Limit  0x08000c04          --   Gb  - Linker created -
?main                   0x08000c21         Code  Gb  cmain.o [5]
AHBPrescTable           0x20000000   0x10  Data  Gb  system_stm32f4xx.o [1]
APBAHBPrescTable        0x080005a4   0x10  Data  Gb  stm32f4xx_hal_rcc.o [1]
BSP_LED_Init            0x08000a25   0x58  Code  Gb  stm32f429i_discovery.o [1]
BSP_LED_On              0x08000a7d   0x16  Code  Gb  stm32f429i_discovery.o [1]
BSP_LED_Toggle          0x08000a93   0x14  Code  Gb  stm32f429i_discovery.o [1]
BusFault_Handler        0x08000c0b    0x2  Code  Gb  stm32f4xx_it.o [1]
CSTACK$$Base            0x20000020          --   Gb  - Linker created -
CSTACK$$Limit           0x20000420          --   Gb  - Linker created -
DebugMon_Handler        0x08000c11    0x2  Code  Gb  stm32f4xx_it.o [1]
EXTI0_IRQHandler        0x08000c19    0x6  Code  Gb  stm32f4xx_it.o [1]
GPIO_PIN                0x08000ab0    0x4  Data  Gb  stm32f429i_discovery.o [1]
GPIO_PORT               0x20000014    0x8  Data  Gb  stm32f429i_discovery.o [1]
HAL_GPIO_EXTI_Callback  0x08000a19    0xc  Code  Gb  main.o [1]
HAL_GPIO_EXTI_IRQHandler
                        0x080008db   0x14  Code  Gb  stm32f4xx_hal_gpio.o [1]
HAL_GPIO_Init           0x080006fd  0x1ce  Code  Gb  stm32f4xx_hal_gpio.o [1]
HAL_GPIO_TogglePin      0x080008d3    0x8  Code  Gb  stm32f4xx_hal_gpio.o [1]
HAL_GPIO_WritePin       0x080008cb    0x8  Code  Gb  stm32f4xx_hal_gpio.o [1]
HAL_GetTick             0x08000615    0x6  Code  Wk  stm32f4xx_hal.o [1]
HAL_IncTick             0x0800060b    0xa  Code  Wk  stm32f4xx_hal.o [1]
HAL_Init                0x080005b5   0x30  Code  Gb  stm32f4xx_hal.o [1]
HAL_InitTick            0x080005e7   0x24  Code  Wk  stm32f4xx_hal.o [1]
HAL_MspInit             0x080005e5    0x2  Code  Wk  stm32f4xx_hal.o [1]
HAL_NVIC_EnableIRQ      0x080006a7    0xc  Code  Gb  stm32f4xx_hal_cortex.o [1]
HAL_NVIC_SetPriority    0x08000663   0x44  Code  Gb  stm32f4xx_hal_cortex.o [1]
HAL_NVIC_SetPriorityGrouping
                        0x08000649   0x1a  Code  Gb  stm32f4xx_hal_cortex.o [1]
HAL_PWREx_EnableOverDrive
                        0x08000ab5   0x44  Code  Gb  stm32f4xx_hal_pwr_ex.o [1]
HAL_RCC_ClockConfig     0x080003f7  0x10e  Code  Gb  stm32f4xx_hal_rcc.o [1]
HAL_RCC_GetHCLKFreq     0x08000559   0x20  Code  Gb  stm32f4xx_hal_rcc.o [1]
HAL_RCC_GetSysClockFreq
                        0x08000513   0x46  Code  Wk  stm32f4xx_hal_rcc.o [1]
HAL_RCC_OscConfig       0x080001ad  0x242  Code  Wk  stm32f4xx_hal_rcc.o [1]
HAL_SYSTICK_Config      0x080006bb   0x28  Code  Gb  stm32f4xx_hal_cortex.o [1]
HardFault_Handler       0x08000c07    0x2  Code  Gb  stm32f4xx_it.o [1]
MemManage_Handler       0x08000c09    0x2  Code  Gb  stm32f4xx_it.o [1]
NMI_Handler             0x08000c05    0x2  Code  Gb  stm32f4xx_it.o [1]
NVIC_GetPriorityGrouping
                        0x08000625    0xa  Code  Lc  stm32f4xx_hal_cortex.o [1]
NVIC_SetPriority        0x0800062f   0x1a  Code  Lc  stm32f4xx_hal_cortex.o [1]
PendSV_Handler          0x08000c13    0x2  Code  Gb  stm32f4xx_it.o [1]
Region$$Table$$Base     0x08000bf0          --   Gb  - Linker created -
Region$$Table$$Limit    0x08000c04          --   Gb  - Linker created -
SVC_Handler             0x08000c0f    0x2  Code  Gb  stm32f4xx_it.o [1]
SysTick_Handler         0x08000c15    0x4  Code  Gb  stm32f4xx_it.o [1]
SystemCoreClock         0x20000010    0x4  Data  Gb  system_stm32f4xx.o [1]
SystemInit              0x08000b29   0x3a  Code  Gb  system_stm32f4xx.o [1]
UsageFault_Handler      0x08000c0d    0x2  Code  Gb  stm32f4xx_it.o [1]
__cmain                 0x08000c21         Code  Gb  cmain.o [5]
__exit                  0x08000c51   0x14  Code  Gb  exit.o [6]
__iar_copy_init3        0x08000b79   0x2c  Code  Gb  copy_init3.o [5]
__iar_data_init3        0x08000ba5   0x28  Code  Gb  data_init.o [5]
__iar_init_vfp          0x08000bcd         Code  Gb  fpinit_M.o [4]
__iar_program_start     0x08000c75         Code  Gb  cstartup_M.o [5]
__low_level_init        0x08000c3b    0x4  Code  Gb  low_level_init.o [3]
__vector_table          0x08000000         Data  Gb  startup_stm32f429xx.o [1]
_call_main              0x08000c2d         Code  Gb  cmain.o [5]
_exit                   0x08000c45         Code  Gb  cexit.o [5]
_main                   0x08000c37         Code  Gb  cmain.o [5]
exit                    0x08000c3f    0x4  Code  Gb  exit.o [3]
main                    0x08000929   0xde  Code  Gb  main.o [1]
uwTick                  0x2000001c    0x4  Data  Gb  stm32f4xx_hal.o [1]


[1] = \\vmware-host\Shared Folders\Desktop\stm32_tools\STM32Cube_FW_F4_V1.11.0\Projects\STM32F429I-Discovery\Examples\GPIO\GPIO_EXTI\EWARM\STM32F429I-Discovery\Obj
[2] = command line
[3] = dl7M_tlf.a
[4] = m7M_tls.a
[5] = rt7M_tl.a
[6] = shb_l.a

  3 534 bytes of readonly  code memory
     54 bytes of readonly  data memory
  1 056 bytes of readwrite data memory

Errors: none
Warnings: none
